[source_trace]   ⚠ 标签 0x3fc91a3afd70395cd496c647d5a6cc9d4b2b7fad kind='router' 不在已知集合，忽略（不作终点）
[source_trace]   ⚠ 标签 0x66a9893cc07d91d95644aedd05d03f95e1dba8af kind='router' 不在已知集合，忽略（不作终点）
[wave_scan] 8 个 run 块区间互斥——VIEW 轻路径（每次查询流式重扫 parquet）
[source_trace] 边表就绪 959,095 条——按 handoff cutoff/block 物化索引表 e(t)…
[source_trace] 物化全局出入度（设施启发式）…
[source_trace] 溯源 TE-01（58 址，三策略模拟）…
[source_trace]   子图：祖先 12,864 / 终点 48（深度截断 1·预算截断 0）/ 边 576,383
[source_trace]   峰值锚点 2024-04-01 库存 11.120%供应 | 终点 4 类 | 未决 0.0% | 进货单 4 上家 | 敏感性 稳定
[source_trace] 溯源 TE-02（49 址，三策略模拟）…
[source_trace]   子图：祖先 12,887 / 终点 57（深度截断 10·预算截断 0）/ 边 576,315
[source_trace]   TE-02 current 锚点为尘埃库存(2.30e-15% 供应),闭合 Σ=0% 不可用,已降级(不拒)
[source_trace]   峰值锚点 2024-03-12 库存 30.319%供应 | 终点 1 类 | 未决 0.0% | 进货单 1 上家 | 敏感性 稳定
[source_trace] 溯源 TE-03（2 址，三策略模拟）…
[source_trace]   子图：祖先 12,908 / 终点 51（深度截断 4·预算截断 0）/ 边 576,351
[source_trace]   峰值锚点 2026-01-17 库存 3.017%供应 | 终点 41 类 | 未决 0.0% | 进货单 4 上家 | 敏感性 稳定
[source_trace] 溯源 TE-04（4 址，三策略模拟）…
[source_trace]   子图：祖先 0 / 终点 2（深度截断 0·预算截断 0）/ 边 212
[source_trace]   TE-04 current 锚点为尘埃库存(1.82e-18% 供应),闭合 Σ=57980.232% 不可用,已降级(不拒)
[source_trace]   峰值锚点 2024-03-11 库存 5.035%供应 | 终点 1 类 | 未决 0.0% | 进货单 1 上家 | 敏感性 稳定
[source_trace] 溯源 TE-05（10 址，三策略模拟）…
[source_trace]   子图：祖先 12,896 / 终点 53（深度截断 6·预算截断 0）/ 边 576,236
[source_trace]   峰值锚点 2024-04-10 库存 1.413%供应 | 终点 2 类 | 未决 0.0% | 进货单 3 上家 | 敏感性 ⚠ 翻转
[source_trace] 溯源 OD-791010（3 址，三策略模拟）…
[source_trace]   子图：祖先 12,898 / 终点 59（深度截断 12·预算截断 0）/ 边 576,272
[source_trace]   峰值锚点 2025-10-16 库存 0.812%供应 | 终点 38 类 | 未决 0.0% | 进货单 5 上家 | 敏感性 稳定
[source_trace] 溯源 OD-3c8f7da5（2 址，三策略模拟）…
[source_trace]   子图：祖先 12,910 / 终点 51（深度截断 4·预算截断 0）/ 边 576,375
[source_trace]   峰值锚点 2025-10-16 库存 1.325%供应 | 终点 38 类 | 未决 0.0% | 进货单 8 上家 | 敏感性 稳定
[source_trace] 溯源 OD-0625e06e（2 址，三策略模拟）…
[source_trace]   子图：祖先 0 / 终点 3（深度截断 0·预算截断 0）/ 边 384
[source_trace]   峰值锚点 2025-08-18 库存 1.367%供应 | 终点 3 类 | 未决 0.0% | 进货单 3 上家 | 敏感性 稳定
[source_trace] 溯源 OD-9094a360（1 址，三策略模拟）…
[source_trace]   子图：祖先 12,889 / 终点 65（深度截断 18·预算截断 0）/ 边 576,167
[source_trace]   峰值锚点 2025-10-07 库存 0.961%供应 | 终点 2 类 | 未决 0.0% | 进货单 2 上家 | 敏感性 稳定
[source_trace] 溯源 OD-eadc64b7（2 址，三策略模拟）…
[source_trace]   子图：祖先 0 / 终点 3（深度截断 0·预算截断 0）/ 边 62
[source_trace]   峰值锚点 2026-08-03 库存 1.553%供应 | 终点 3 类 | 未决 0.0% | 进货单 3 上家 | 敏感性 ⚠ 翻转
[source_trace] 溯源 OD-a3d23392（2 址，三策略模拟）…
[source_trace]   子图：祖先 12,906 / 终点 52（深度截断 5·预算截断 0）/ 边 576,240
[source_trace]   峰值锚点 2026-09-08 库存 0.594%供应 | 终点 46 类 | 未决 0.3% | 进货单 6 上家 | 敏感性 稳定
[source_trace] 溯源 OD-445e1faf（2 址，三策略模拟）…
[source_trace]   子图：祖先 12,899 / 终点 56（深度截断 9·预算截断 0）/ 边 576,220
[source_trace]   峰值锚点 2026-09-04 库存 0.592%供应 | 终点 6 类 | 未决 0.0% | 进货单 6 上家 | 敏感性 稳定
[source_trace] 溯源 OD-36273d14（4 址，三策略模拟）…
[source_trace]   子图：祖先 12,891 / 终点 65（深度截断 18·预算截断 0）/ 边 576,211
[source_trace]   峰值锚点 2026-08-21 库存 0.558%供应 | 终点 38 类 | 未决 0.0% | 进货单 4 上家 | 敏感性 稳定
[source_trace] 溯源 OD-28bb7341（2 址，三策略模拟）…
[source_trace]   子图：祖先 0 / 终点 1（深度截断 0·预算截断 0）/ 边 7
[source_trace]   峰值锚点 2025-02-17 库存 0.529%供应 | 终点 1 类 | 未决 0.0% | 进货单 1 上家 | 敏感性 稳定
[source_trace] 溯源 OD-be31a54c（2 址，三策略模拟）…
[source_trace]   子图：祖先 12,906 / 终点 48（深度截断 1·预算截断 0）/ 边 576,233
[source_trace]   峰值锚点 2026-09-04 库存 0.479%供应 | 终点 36 类 | 未决 0.0% | 进货单 10 上家 | 敏感性 稳定
[source_trace] 溯源 OD-9d60be4f（1 址，三策略模拟）…
[source_trace]   子图：祖先 12,900 / 终点 56（深度截断 9·预算截断 0）/ 边 576,237
[source_trace]   峰值锚点 2026-03-11 库存 0.419%供应 | 终点 41 类 | 未决 0.0% | 进货单 6 上家 | 敏感性 稳定
[source_trace] 溯源 OD-6aadc010（2 址，三策略模拟）…
[source_trace]   子图：祖先 12,894 / 终点 60（深度截断 13·预算截断 0）/ 边 576,160
[source_trace]   峰值锚点 2025-01-30 库存 0.418%供应 | 终点 2 类 | 未决 0.0% | 进货单 3 上家 | 敏感性 稳定
[source_trace] 溯源 OD-3ec52292（1 址，三策略模拟）…
[source_trace]   子图：祖先 12,889 / 终点 65（深度截断 18·预算截断 0）/ 边 576,161
[source_trace]   峰值锚点 2025-10-07 库存 0.386%供应 | 终点 2 类 | 未决 0.0% | 进货单 2 上家 | 敏感性 稳定
[source_trace] 溯源 OD-fce06a9a（1 址，三策略模拟）…
[source_trace]   子图：祖先 12,906 / 终点 49（深度截断 2·预算截断 0）/ 边 576,233
[source_trace]   峰值锚点 2026-08-24 库存 0.357%供应 | 终点 45 类 | 未决 0.0% | 进货单 6 上家 | 敏感性 稳定
[source_trace] 溯源 OD-369e330e（1 址，三策略模拟）…
[source_trace]   子图：祖先 12,898 / 终点 59（深度截断 12·预算截断 0）/ 边 576,228
[source_trace]   峰值锚点 2025-10-16 库存 0.357%供应 | 终点 38 类 | 未决 0.0% | 进货单 4 上家 | 敏感性 稳定
[source_trace] 溯源 OD-22089f57（4 址，三策略模拟）…
[source_trace]   子图：祖先 12,889 / 终点 65（深度截断 18·预算截断 0）/ 边 576,290
[source_trace]   峰值锚点 2024-03-11 库存 1.075%供应 | 终点 1 类 | 未决 0.0% | 进货单 1 上家 | 敏感性 稳定
[source_trace] 溯源 OD-60d3c6be（2 址，三策略模拟）…
[source_trace]   子图：祖先 12,897 / 终点 59（深度截断 12·预算截断 0）/ 边 576,216
[source_trace]   峰值锚点 2026-07-22 库存 0.378%供应 | 终点 38 类 | 未决 0.0% | 进货单 7 上家 | 敏感性 稳定
[source_trace] 溯源 OD-73d8bd54（2 址，三策略模拟）…
[source_trace]   子图：祖先 12,902 / 终点 52（深度截断 5·预算截断 0）/ 边 576,185
[source_trace]   峰值锚点 2026-04-22 库存 0.366%供应 | 终点 43 类 | 未决 0.0% | 进货单 44 上家 | 敏感性 稳定
[source_trace] 溯源 OD-2b980327（2 址，三策略模拟）…
[source_trace]   子图：祖先 12,892 / 终点 60（深度截断 13·预算截断 0）/ 边 576,146
[source_trace]   峰值锚点 2024-03-24 库存 0.355%供应 | 终点 2 类 | 未决 0.0% | 进货单 2 上家 | 敏感性 稳定
[source_trace] 溯源 OD-a795d3ef（2 址，三策略模拟）…
[source_trace]   子图：祖先 12,907 / 终点 50（深度截断 3·预算截断 0）/ 边 576,235
[source_trace]   峰值锚点 2026-08-01 库存 0.297%供应 | 终点 38 类 | 未决 0.0% | 进货单 5 上家 | 敏感性 稳定
[source_trace] 溯源 OD-53a6dcee（1 址，三策略模拟）…
[source_trace]   子图：祖先 12,904 / 终点 55（深度截断 8·预算截断 0）/ 边 576,192
[source_trace]   峰值锚点 2025-10-16 库存 0.295%供应 | 终点 39 类 | 未决 0.1% | 进货单 7 上家 | 敏感性 稳定
[source_trace] 溯源 OD-9eefec33（1 址，三策略模拟）…
[source_trace]   子图：祖先 12,903 / 终点 55（深度截断 8·预算截断 0）/ 边 576,200
[source_trace]   峰值锚点 2026-07-27 库存 0.288%供应 | 终点 46 类 | 未决 0.0% | 进货单 3 上家 | 敏感性 稳定
[source_trace] 溯源 OD-4788ec0d（1 址，三策略模拟）…
[source_trace]   子图：祖先 12,891 / 终点 58（深度截断 11·预算截断 0）/ 边 576,120
[source_trace]   峰值锚点 2026-09-12 库存 0.287%供应 | 终点 3 类 | 未决 0.0% | 进货单 4 上家 | 敏感性 稳定
[source_trace] 溯源 OD-7932acea（1 址，三策略模拟）…
[source_trace]   子图：祖先 12,898 / 终点 59（深度截断 12·预算截断 0）/ 边 576,216
[source_trace]   峰值锚点 2024-03-11 库存 1.239%供应 | 终点 1 类 | 未决 0.0% | 进货单 1 上家 | 敏感性 ⚠ 翻转
[source_trace] 溯源 OD-cb5290e9（1 址，三策略模拟）…
[source_trace]   子图：祖先 12,907 / 终点 49（深度截断 2·预算截断 0）/ 边 576,235
[source_trace]   峰值锚点 2026-09-07 库存 0.275%供应 | 终点 44 类 | 未决 0.0% | 进货单 9 上家 | 敏感性 稳定
[source_trace] 溯源 OD-3e71de1a（2 址，三策略模拟）…
[source_trace]   子图：祖先 12,906 / 终点 50（深度截断 3·预算截断 0）/ 边 576,203
[source_trace]   峰值锚点 2025-12-23 库存 0.263%供应 | 终点 35 类 | 未决 0.0% | 进货单 2 上家 | 敏感性 稳定
[source_trace] 溯源 OD-81aba9e7（1 址，三策略模拟）…
[source_trace]   子图：祖先 12,887 / 终点 63（深度截断 16·预算截断 0）/ 边 576,150
[source_trace]   峰值锚点 2025-10-15 库存 0.262%供应 | 终点 43 类 | 未决 0.0% | 进货单 2 上家 | 敏感性 稳定
[source_trace] 溯源 OD-1507b752（1 址，三策略模拟）…
[source_trace]   子图：祖先 12,889 / 终点 65（深度截断 18·预算截断 0）/ 边 576,165
[source_trace]   峰值锚点 2025-10-16 库存 0.261%供应 | 终点 38 类 | 未决 0.0% | 进货单 2 上家 | 敏感性 稳定
[source_trace] 溯源 OD-392d3b04（1 址，三策略模拟）…
[source_trace]   子图：祖先 12,905 / 终点 50（深度截断 3·预算截断 0）/ 边 576,230
[source_trace]   峰值锚点 2025-05-29 库存 0.383%供应 | 终点 38 类 | 未决 0.4% | 进货单 4 上家 | 敏感性 稳定
[source_trace] 溯源 OD-307da664（2 址，三策略模拟）…
[source_trace]   子图：祖先 12,898 / 终点 59（深度截断 12·预算截断 0）/ 边 576,229
[source_trace]   峰值锚点 2025-10-16 库存 0.259%供应 | 终点 38 类 | 未决 0.0% | 进货单 3 上家 | 敏感性 稳定
[source_trace] 溯源 OD-b5525c29（1 址，三策略模拟）…
[source_trace]   子图：祖先 12,902 / 终点 53（深度截断 6·预算截断 0）/ 边 576,156
[source_trace]   峰值锚点 2026-08-31 库存 0.258%供应 | 终点 1 类 | 未决 0.0% | 进货单 2 上家 | 敏感性 稳定
[source_trace] 溯源 OD-99b9d97a（1 址，三策略模拟）…
[source_trace]   子图：祖先 12,885 / 终点 67（深度截断 20·预算截断 0）/ 边 576,111
[source_trace]   峰值锚点 2026-09-05 库存 0.258%供应 | 终点 38 类 | 未决 0.0% | 进货单 4 上家 | 敏感性 稳定
[source_trace] 溯源 OD-05dc1b1e（1 址，三策略模拟）…
[source_trace]   子图：祖先 0 / 终点 2（深度截断 0·预算截断 0）/ 边 20
[source_trace]   峰值锚点 2024-09-01 库存 0.256%供应 | 终点 2 类 | 未决 0.0% | 进货单 2 上家 | 敏感性 稳定
[source_trace] 溯源 OD-fcf1b0b6（1 址，三策略模拟）…
[source_trace]   子图：祖先 12,906 / 终点 53（深度截断 6·预算截断 0）/ 边 576,197
[source_trace]   峰值锚点 2025-10-16 库存 0.309%供应 | 终点 38 类 | 未决 0.0% | 进货单 3 上家 | 敏感性 稳定
[source_trace] 溯源 OD-283cf5ce（2 址，三策略模拟）…
[source_trace]   子图：祖先 12,886 / 终点 62（深度截断 15·预算截断 0）/ 边 576,099
[source_trace]   峰值锚点 2026-07-18 库存 0.252%供应 | 终点 26 类 | 未决 0.0% | 进货单 3 上家 | 敏感性 稳定
[source_trace] 溯源 OD-cd312af5（1 址，三策略模拟）…
[source_trace]   子图：祖先 0 / 终点 1（深度截断 0·预算截断 0）/ 边 2
[source_trace]   峰值锚点 2024-03-22 库存 0.249%供应 | 终点 1 类 | 未决 0.0% | 进货单 1 上家 | 敏感性 稳定
[source_trace] 溯源 OD-8ae1b4d4（1 址，三策略模拟）…
[source_trace]   子图：祖先 12,893 / 终点 60（深度截断 13·预算截断 0）/ 边 576,146
[source_trace]   峰值锚点 2024-03-22 库存 0.265%供应 | 终点 1 类 | 未决 0.0% | 进货单 1 上家 | 敏感性 稳定
[source_trace] 溯源 OD-2f36a775（1 址，三策略模拟）…
[source_trace]   子图：祖先 12,889 / 终点 65（深度截断 18·预算截断 0）/ 边 576,171
[source_trace]   峰值锚点 2025-10-16 库存 0.246%供应 | 终点 38 类 | 未决 0.0% | 进货单 4 上家 | 敏感性 稳定
[source_trace] 溯源 OD-dca60518（1 址，三策略模拟）…
[source_trace]   子图：祖先 12,898 / 终点 59（深度截断 12·预算截断 0）/ 边 576,215
[source_trace]   峰值锚点 2024-03-12 库存 0.327%供应 | 终点 1 类 | 未决 0.0% | 进货单 1 上家 | 敏感性 稳定
[source_trace] 溯源 OD-658d9c90（1 址，三策略模拟）…
[source_trace]   子图：祖先 12,902 / 终点 53（深度截断 6·预算截断 0）/ 边 576,157
[source_trace]   峰值锚点 2025-10-13 库存 0.716%供应 | 终点 4 类 | 未决 0.0% | 进货单 4 上家 | 敏感性 稳定
[source_trace] 溯源 OD-63f272bb（1 址，三策略模拟）…
[source_trace]   子图：祖先 12,888 / 终点 65（深度截断 18·预算截断 0）/ 边 576,160
[source_trace]   峰值锚点 2024-03-13 库存 0.725%供应 | 终点 1 类 | 未决 0.0% | 进货单 1 上家 | 敏感性 稳定
[source_trace] 溯源 OD-39da727b（1 址，三策略模拟）…
[source_trace]   子图：祖先 12,904 / 终点 51（深度截断 4·预算截断 0）/ 边 576,183
[source_trace]   峰值锚点 2026-06-23 库存 0.317%供应 | 终点 6 类 | 未决 0.0% | 进货单 8 上家 | 敏感性 稳定
[source_trace] 溯源 OD-504ce9e5（1 址，三策略模拟）…
[source_trace]   子图：祖先 12,888 / 终点 63（深度截断 16·预算截断 0）/ 边 576,156
[source_trace]   峰值锚点 2026-07-13 库存 0.228%供应 | 终点 46 类 | 未决 0.0% | 进货单 2 上家 | 敏感性 稳定
[source_trace] 溯源 OD-5ee01da2（1 址，三策略模拟）…
[source_trace]   子图：祖先 12,904 / 终点 51（深度截断 4·预算截断 0）/ 边 576,183
[source_trace]   峰值锚点 2026-09-13 库存 0.227%供应 | 终点 1 类 | 未决 0.0% | 进货单 4 上家 | 敏感性 稳定
[source_trace] 溯源 OD-481bc60a（1 址，三策略模拟）…
[source_trace]   子图：祖先 12,890 / 终点 62（深度截断 15·预算截断 0）/ 边 576,119
[source_trace]   峰值锚点 2024-07-23 库存 0.232%供应 | 终点 2 类 | 未决 0.0% | 进货单 1 上家 | 敏感性 稳定
[source_trace] 溯源 OD-f16b1084（1 址，三策略模拟）…
[source_trace]   子图：祖先 12,891 / 终点 62（深度截断 15·预算截断 0）/ 边 576,144
[source_trace]   峰值锚点 2024-04-11 库存 0.227%供应 | 终点 1 类 | 未决 0.0% | 进货单 1 上家 | 敏感性 稳定
[source_trace] 溯源 OD-2119f798（1 址，三策略模拟）…
[source_trace]   子图：祖先 12,889 / 终点 65（深度截断 18·预算截断 0）/ 边 576,170
[source_trace]   峰值锚点 2025-10-16 库存 0.214%供应 | 终点 38 类 | 未决 0.0% | 进货单 2 上家 | 敏感性 稳定
[source_trace] 溯源 OD-ae7fb806（1 址，三策略模拟）…
[source_trace]   子图：祖先 12,888 / 终点 65（深度截断 18·预算截断 0）/ 边 576,160
[source_trace]   峰值锚点 2024-07-23 库存 0.203%供应 | 终点 2 类 | 未决 0.0% | 进货单 1 上家 | 敏感性 稳定
[source_trace] 溯源 OD-67f8bf2c（1 址，三策略模拟）…
[source_trace]   子图：祖先 12,898 / 终点 59（深度截断 12·预算截断 0）/ 边 576,340
[source_trace]   峰值锚点 2025-04-13 库存 0.358%供应 | 终点 3 类 | 未决 0.0% | 进货单 5 上家 | 敏感性 稳定
[source_trace] 溯源 OD-c7470938（1 址，三策略模拟）…
[source_trace]   子图：祖先 12,903 / 终点 53（深度截断 6·预算截断 0）/ 边 576,185
[source_trace]   峰值锚点 2026-05-10 库存 0.193%供应 | 终点 16 类 | 未决 0.0% | 进货单 5 上家 | 敏感性 稳定
[source_trace] 溯源 OD-e614d9c2（1 址，三策略模拟）…
[source_trace]   子图：祖先 12,891 / 终点 65（深度截断 18·预算截断 0）/ 边 576,175
[source_trace]   峰值锚点 2025-10-16 库存 0.192%供应 | 终点 38 类 | 未决 0.0% | 进货单 2 上家 | 敏感性 稳定
[source_trace] 溯源 OD-549d5812（1 址，三策略模拟）…
[source_trace]   子图：祖先 12,889 / 终点 65（深度截断 18·预算截断 0）/ 边 576,166
[source_trace]   峰值锚点 2024-03-22 库存 0.232%供应 | 终点 1 类 | 未决 0.0% | 进货单 1 上家 | 敏感性 稳定
[source_trace] 溯源 OD-19a71ae9（1 址，三策略模拟）…
[source_trace]   子图：祖先 12,908 / 终点 50（深度截断 3·预算截断 0）/ 边 576,238
[source_trace]   峰值锚点 2025-07-17 库存 0.214%供应 | 终点 34 类 | 未决 0.0% | 进货单 4 上家 | 敏感性 稳定
[source_trace] 溯源 OD-4f8e64bd（1 址，三策略模拟）…
[source_trace]   子图：祖先 12,889 / 终点 65（深度截断 18·预算截断 0）/ 边 576,169
[source_trace]   峰值锚点 2025-10-16 库存 0.190%供应 | 终点 38 类 | 未决 0.0% | 进货单 2 上家 | 敏感性 稳定
[source_trace] 溯源 OD-0b1cda03（1 址，三策略模拟）…
[source_trace]   子图：祖先 12,893 / 终点 60（深度截断 13·预算截断 0）/ 边 576,102
[source_trace]   峰值锚点 2025-08-27 库存 0.187%供应 | 终点 38 类 | 未决 0.0% | 进货单 2 上家 | 敏感性 稳定
[source_trace] 溯源 OD-6eb13bf7（1 址，三策略模拟）…
[source_trace]   子图：祖先 12,904 / 终点 51（深度截断 4·预算截断 0）/ 边 576,183
[source_trace]   峰值锚点 2025-07-12 库存 0.177%供应 | 终点 4 类 | 未决 0.0% | 进货单 6 上家 | 敏感性 稳定
[source_trace] 溯源 OD-da0c7f31（1 址，三策略模拟）…
[source_trace]   子图：祖先 12,892 / 终点 58（深度截断 11·预算截断 0）/ 边 576,121
[source_trace]   峰值锚点 2026-08-04 库存 0.175%供应 | 终点 3 类 | 未决 0.0% | 进货单 2 上家 | 敏感性 稳定
[source_trace] 溯源 OD-bec24b7a（2 址，三策略模拟）…
[source_trace]   子图：祖先 12,869 / 终点 73（深度截断 26·预算截断 0）/ 边 576,233
[source_trace]   峰值锚点 2024-09-03 库存 0.239%供应 | 终点 4 类 | 未决 0.0% | 进货单 4 上家 | 敏感性 稳定
[source_trace] 溯源 OD-6eeb9a6d（1 址，三策略模拟）…
[source_trace]   子图：祖先 12,898 / 终点 59（深度截断 12·预算截断 0）/ 边 576,229
[source_trace]   峰值锚点 2024-03-12 库存 0.196%供应 | 终点 1 类 | 未决 0.0% | 进货单 1 上家 | 敏感性 稳定
[source_trace] 溯源 OD-21474e2e（3 址，三策略模拟）…
[source_trace]   子图：祖先 0 / 终点 1（深度截断 0·预算截断 0）/ 边 20
[source_trace]   峰值锚点 2026-09-09 库存 0.915%供应 | 终点 1 类 | 未决 0.0% | 进货单 1 上家 | 敏感性 稳定
[source_trace] 溯源 OD-e19ed111（1 址，三策略模拟）…
[source_trace]   子图：祖先 12,886 / 终点 63（深度截断 16·预算截断 0）/ 边 576,147
[source_trace]   峰值锚点 2026-09-14 库存 0.164%供应 | 终点 46 类 | 未决 0.3% | 进货单 1 上家 | 敏感性 ⚠ 翻转
[source_trace] 溯源 OD-e1363ea5（1 址，三策略模拟）…
[source_trace]   子图：祖先 12,889 / 终点 65（深度截断 18·预算截断 0）/ 边 576,176
[source_trace]   峰值锚点 2024-03-31 库存 0.185%供应 | 终点 2 类 | 未决 0.0% | 进货单 2 上家 | 敏感性 ⚠ 翻转
[source_trace] 溯源 OD-f85675e0（1 址，三策略模拟）…
[source_trace]   子图：祖先 12,889 / 终点 65（深度截断 18·预算截断 0）/ 边 576,165
[source_trace]   峰值锚点 2025-10-16 库存 0.159%供应 | 终点 38 类 | 未决 0.0% | 进货单 2 上家 | 敏感性 稳定
[source_trace] 溯源 OD-03e258f4（1 址，三策略模拟）…
[source_trace]   子图：祖先 12,892 / 终点 61（深度截断 14·预算截断 0）/ 边 576,120
[source_trace]   峰值锚点 2026-03-11 库存 0.151%供应 | 终点 3 类 | 未决 0.0% | 进货单 4 上家 | 敏感性 稳定
[source_trace] 溯源 OD-170ff571（1 址，三策略模拟）…
[source_trace]   子图：祖先 12,867 / 终点 75（深度截断 28·预算截断 0）/ 边 576,044
[source_trace]   峰值锚点 2026-06-04 库存 0.148%供应 | 终点 2 类 | 未决 0.0% | 进货单 1 上家 | 敏感性 稳定
[source_trace] 溯源 OD-1bae9245（1 址，三策略模拟）…
[source_trace]   子图：祖先 12,889 / 终点 65（深度截断 18·预算截断 0）/ 边 576,161
[source_trace]   峰值锚点 2025-10-16 库存 0.147%供应 | 终点 38 类 | 未决 0.0% | 进货单 2 上家 | 敏感性 稳定
[source_trace] 溯源 OD-d0ee3ad5（1 址，三策略模拟）…
[source_trace]   子图：祖先 12,869 / 终点 73（深度截断 26·预算截断 0）/ 边 576,050
[source_trace]   峰值锚点 2024-05-13 库存 0.144%供应 | 终点 2 类 | 未决 0.0% | 进货单 1 上家 | 敏感性 稳定
[source_trace] 溯源 OD-3004892c（1 址，三策略模拟）…
[source_trace]   子图：祖先 12,901 / 终点 54（深度截断 7·预算截断 0）/ 边 576,228
[source_trace]   峰值锚点 2026-09-06 库存 0.144%供应 | 终点 36 类 | 未决 0.0% | 进货单 12 上家 | 敏感性 稳定
[source_trace] 溯源 OD-7b49f798（1 址，三策略模拟）…
[source_trace]   子图：祖先 12,889 / 终点 65（深度截断 18·预算截断 0）/ 边 576,180
[source_trace]   峰值锚点 2024-04-01 库存 0.144%供应 | 终点 1 类 | 未决 0.0% | 进货单 2 上家 | 敏感性 稳定
[source_trace] 溯源 OD-9d06c300（1 址，三策略模拟）…
[source_trace]   子图：祖先 12,898 / 终点 59（深度截断 12·预算截断 0）/ 边 576,215
[source_trace]   峰值锚点 2024-08-22 库存 0.155%供应 | 终点 2 类 | 未决 0.0% | 进货单 1 上家 | 敏感性 稳定
[source_trace] 溯源 OD-d8c495e9（1 址，三策略模拟）…
[source_trace]   子图：祖先 12,716 / 终点 176（深度截断 129·预算截断 0）/ 边 575,255
[source_trace]   峰值锚点 2026-06-06 库存 0.139%供应 | 终点 38 类 | 未决 0.0% | 进货单 1 上家 | 敏感性 稳定
[source_trace] 溯源 OD-ed2cb9c0（2 址，三策略模拟）…
[source_trace]   子图：祖先 12,892 / 终点 60（深度截断 13·预算截断 0）/ 边 576,146
[source_trace]   峰值锚点 2025-04-16 库存 0.146%供应 | 终点 5 类 | 未决 0.0% | 进货单 7 上家 | 敏感性 稳定
[source_trace] 溯源 OD-c470aab2（1 址，三策略模拟）…
[source_trace]   子图：祖先 12,894 / 终点 57（深度截断 10·预算截断 0）/ 边 576,192
[source_trace]   峰值锚点 2024-06-01 库存 0.154%供应 | 终点 1 类 | 未决 0.0% | 进货单 1 上家 | 敏感性 稳定
[source_trace] 溯源 OD-ba3e1d43（2 址，三策略模拟）…
[source_trace]   子图：祖先 12,871 / 终点 73（深度截断 26·预算截断 0）/ 边 576,069
[source_trace]   峰值锚点 2025-01-23 库存 0.135%供应 | 终点 5 类 | 未决 0.0% | 进货单 3 上家 | 敏感性 稳定
[source_trace] 溯源 OD-876614a3（1 址，三策略模拟）…
[source_trace]   子图：祖先 12,894 / 终点 60（深度截断 13·预算截断 0）/ 边 576,154
[source_trace]   峰值锚点 2025-12-17 库存 0.133%供应 | 终点 4 类 | 未决 0.0% | 进货单 3 上家 | 敏感性 稳定
[source_trace] 溯源 OD-9a353660（1 址，三策略模拟）…
[source_trace]   子图：祖先 0 / 终点 1（深度截断 0·预算截断 0）/ 边 14
[source_trace]   峰值锚点 2024-03-12 库存 0.262%供应 | 终点 1 类 | 未决 0.0% | 进货单 1 上家 | 敏感性 稳定
[source_trace] 溯源 OD-93daecb2（1 址，三策略模拟）…
[source_trace]   子图：祖先 0 / 终点 2（深度截断 0·预算截断 0）/ 边 7
[source_trace]   峰值锚点 2024-03-20 库存 0.132%供应 | 终点 2 类 | 未决 0.0% | 进货单 2 上家 | 敏感性 稳定
[source_trace] 溯源 OD-11bf7447（1 址，三策略模拟）…
[source_trace]   子图：祖先 12,908 / 终点 50（深度截断 3·预算截断 0）/ 边 576,235
[source_trace]   峰值锚点 2025-09-24 库存 0.216%供应 | 终点 39 类 | 未决 0.0% | 进货单 8 上家 | 敏感性 稳定
[source_trace] 溯源 OD-d622e2f5（1 址，三策略模拟）…
[source_trace]   子图：祖先 12,900 / 终点 51（深度截断 4·预算截断 0）/ 边 576,174
[source_trace]   峰值锚点 2026-06-25 库存 0.131%供应 | 终点 38 类 | 未决 0.0% | 进货单 6 上家 | 敏感性 稳定
[source_trace] 溯源 OD-e7300b42（1 址，三策略模拟）…
[source_trace]   子图：祖先 0 / 终点 1（深度截断 0·预算截断 0）/ 边 7
[source_trace]   峰值锚点 2024-07-03 库存 0.130%供应 | 终点 1 类 | 未决 0.0% | 进货单 1 上家 | 敏感性 稳定
[source_trace] 溯源 OD-b9b0014b（1 址，三策略模拟）…
[source_trace]   子图：祖先 12,894 / 终点 60（深度截断 13·预算截断 0）/ 边 576,166
[source_trace]   峰值锚点 2024-04-11 库存 0.129%供应 | 终点 2 类 | 未决 0.0% | 进货单 3 上家 | 敏感性 稳定
[source_trace] 溯源 OD-08c64a8f（1 址，三策略模拟）…
[source_trace]   子图：祖先 12,896 / 终点 60（深度截断 13·预算截断 0）/ 边 576,161
[source_trace]   峰值锚点 2025-02-03 库存 0.153%供应 | 终点 2 类 | 未决 0.0% | 进货单 1 上家 | 敏感性 稳定
[source_trace] 溯源 OD-e8d1fe78（1 址，三策略模拟）…
[source_trace]   子图：祖先 12,886 / 终点 63（深度截断 16·预算截断 0）/ 边 576,147
[source_trace]   峰值锚点 2026-05-06 库存 0.125%供应 | 终点 46 类 | 未决 0.0% | 进货单 2 上家 | 敏感性 ⚠ 翻转
[source_trace] 溯源 OD-4eaccd00（1 址，三策略模拟）…
[source_trace]   子图：祖先 12,717 / 终点 176（深度截断 129·预算截断 0）/ 边 575,259
[source_trace]   峰值锚点 2026-06-15 库存 0.124%供应 | 终点 38 类 | 未决 0.0% | 进货单 2 上家 | 敏感性 稳定
[source_trace] 溯源 OD-31680faa（1 址，三策略模拟）…
[source_trace]   子图：祖先 12,894 / 终点 60（深度截断 13·预算截断 0）/ 边 576,159
[source_trace]   峰值锚点 2024-08-01 库存 0.123%供应 | 终点 2 类 | 未决 0.0% | 进货单 3 上家 | 敏感性 稳定
[source_trace] 溯源 OD-925b4da3（1 址，三策略模拟）…
[source_trace]   子图：祖先 12,868 / 终点 73（深度截断 26·预算截断 0）/ 边 576,027
[source_trace]   峰值锚点 2025-04-11 库存 0.122%供应 | 终点 3 类 | 未决 0.0% | 进货单 2 上家 | 敏感性 稳定
[source_trace] 溯源 OD-48722b38（1 址，三策略模拟）…
[source_trace]   子图：祖先 12,905 / 终点 50（深度截断 3·预算截断 0）/ 边 576,183
[source_trace]   峰值锚点 2026-08-04 库存 0.121%供应 | 终点 46 类 | 未决 0.0% | 进货单 8 上家 | 敏感性 稳定
[source_trace] 溯源 OD-9acdeb16（1 址，三策略模拟）…
[source_trace]   子图：祖先 0 / 终点 1（深度截断 0·预算截断 0）/ 边 5
[source_trace]   峰值锚点 2024-06-16 库存 0.120%供应 | 终点 1 类 | 未决 0.0% | 进货单 1 上家 | 敏感性 稳定
[source_trace] 溯源 OD-c71fcd7b（1 址，三策略模拟）…
[source_trace]   子图：祖先 12,893 / 终点 60（深度截断 13·预算截断 0）/ 边 576,169
[source_trace]   峰值锚点 2024-04-01 库存 0.119%供应 | 终点 2 类 | 未决 0.0% | 进货单 3 上家 | 敏感性 稳定
[source_trace] 溯源 OD-7632ad6b（1 址，三策略模拟）…
[source_trace]   子图：祖先 12,905 / 终点 51（深度截断 4·预算截断 0）/ 边 576,206
[source_trace]   峰值锚点 2026-01-25 库存 0.145%供应 | 终点 1 类 | 未决 0.0% | 进货单 3 上家 | 敏感性 稳定
[source_trace] 溯源 OD-bf39044e（1 址，三策略模拟）…
[source_trace]   子图：祖先 0 / 终点 2（深度截断 0·预算截断 0）/ 边 34
[source_trace]   峰值锚点 2026-05-29 库存 0.108%供应 | 终点 2 类 | 未决 0.0% | 进货单 2 上家 | 敏感性 稳定
[source_trace] 溯源 OD-7b7adbc6（2 址，三策略模拟）…
[source_trace]   子图：祖先 1 / 终点 3（深度截断 0·预算截断 0）/ 边 278
[source_trace]   峰值锚点 2026-02-06 库存 0.107%供应 | 终点 2 类 | 未决 0.0% | 进货单 2 上家 | 敏感性 稳定
[source_trace] 溯源 OD-5abb8f02（1 址，三策略模拟）…
[source_trace]   子图：祖先 12,894 / 终点 60（深度截断 13·预算截断 0）/ 边 576,154
[source_trace]   峰值锚点 2025-01-27 库存 0.107%供应 | 终点 2 类 | 未决 0.0% | 进货单 1 上家 | 敏感性 稳定
[source_trace] 溯源 OD-9488313d（1 址，三策略模拟）…
[source_trace]   子图：祖先 0 / 终点 1（深度截断 0·预算截断 0）/ 边 2
[source_trace]   峰值锚点 2024-06-18 库存 0.105%供应 | 终点 1 类 | 未决 0.0% | 进货单 1 上家 | 敏感性 稳定
[source_trace] 溯源 OD-7e341a42（1 址，三策略模拟）…
[source_trace]   子图：祖先 12,891 / 终点 58（深度截断 11·预算截断 0）/ 边 576,120
[source_trace]   峰值锚点 2026-09-04 库存 0.105%供应 | 终点 5 类 | 未决 0.0% | 进货单 3 上家 | 敏感性 稳定
[source_trace] 溯源 OD-343f75af（1 址，三策略模拟）…
[source_trace]   子图：祖先 0 / 终点 2（深度截断 0·预算截断 0）/ 边 15
[source_trace]   峰值锚点 2024-03-31 库存 0.112%供应 | 终点 2 类 | 未决 0.0% | 进货单 2 上家 | 敏感性 稳定
[source_trace] 溯源 OD-c11d5b08（1 址，三策略模拟）…
[source_trace]   子图：祖先 12,906 / 终点 51（深度截断 4·预算截断 0）/ 边 576,249
[source_trace]   峰值锚点 2026-09-08 库存 0.101%供应 | 终点 10 类 | 未决 0.0% | 进货单 10 上家 | 敏感性 稳定
[source_trace] 溯源 OD-4ecb9d28（1 址，三策略模拟）…
[source_trace]   子图：祖先 12,906 / 终点 51（深度截断 4·预算截断 0）/ 边 576,195
[source_trace]   峰值锚点 2025-06-26 库存 0.101%供应 | 终点 3 类 | 未决 0.0% | 进货单 3 上家 | 敏感性 稳定
[source_trace] 溯源 OD-d9cb768e（1 址，三策略模拟）…
[source_trace]   子图：祖先 12,904 / 终点 54（深度截断 7·预算截断 0）/ 边 576,190
[source_trace]   峰值锚点 2025-11-22 库存 0.332%供应 | 终点 38 类 | 未决 0.0% | 进货单 9 上家 | 敏感性 ⚠ 翻转
[source_trace] 溯源 OD-2d4643da（1 址，三策略模拟）…
[source_trace]   子图：祖先 12,872 / 终点 71（深度截断 24·预算截断 0）/ 边 576,087
[source_trace]   峰值锚点 2024-04-26 库存 0.114%供应 | 终点 2 类 | 未决 0.0% | 进货单 1 上家 | 敏感性 稳定
[source_trace] 105 实体溯源完成 → provenance_ledger_704.json
[source_trace]   ✗ OD-7932acea current 裁决收据指纹与当前三策略明细不符——底层数据已变化，旧裁决失效，须重新裁决
[source_trace]   ✗ OD-d9cb768e peak 裁决收据指纹与当前三策略明细不符——底层数据已变化，旧裁决失效，须重新裁决
[source_trace]   ✗ OD-e1363ea5 current 裁决收据指纹与当前三策略明细不符——底层数据已变化，旧裁决失效，须重新裁决
[source_trace]   ✗ OD-e19ed111 current 裁决收据指纹与当前三策略明细不符——底层数据已变化，旧裁决失效，须重新裁决
[source_trace]   ✗ OD-e19ed111 peak 裁决收据指纹与当前三策略明细不符——底层数据已变化，旧裁决失效，须重新裁决
[source_trace]   ✗ OD-e8d1fe78 current 裁决收据指纹与当前三策略明细不符——底层数据已变化，旧裁决失效，须重新裁决
[source_trace]   ✗ OD-e8d1fe78 peak 裁决收据指纹与当前三策略明细不符——底层数据已变化，旧裁决失效，须重新裁决
[source_trace]   ✗ TE-05 current 裁决收据指纹与当前三策略明细不符——底层数据已变化，旧裁决失效，须重新裁决
[source_trace] 敏感性不稳：消费策略主导翻转未获合法裁决收据覆盖，或事件顺序未决量达到实质线——结论不得发布（exit 2）。真实多来源结构须造 flip-adjudications/v1 裁决收据（含逐锚点 flip_fingerprint 与三策略披露）后 --acknowledge-flip <收据> 重跑；顺序未决须补齐 block/slot + tx + log/instruction 序号

--- STDERR (verbatim) ---
