 M CHANGELOG.md
 M SKILL.md
 M VERSION
 M pyproject.toml
 M references/scan-schemas.md
 M scripts/report/entity_source_trace.py
 M scripts/tests/test_entity_source_trace.py
?? maintenance/repair-20260915-eps-residual/apu_diff.json
?? maintenance/repair-20260915-eps-residual/apu_formal_attempt1_trace_704.log
?? maintenance/repair-20260915-eps-residual/apu_formal_attempt1_trace_704_run.json
?? maintenance/repair-20260915-eps-residual/apu_formal_followup.log
?? maintenance/repair-20260915-eps-residual/apu_formal_followup.stderr.txt
?? maintenance/repair-20260915-eps-residual/apu_formal_followup_result.json
?? maintenance/repair-20260915-eps-residual/apu_regression.md
?? maintenance/repair-20260915-eps-residual/apu_trace_704_diagnostic.log
?? maintenance/repair-20260915-eps-residual/apu_trace_704_diagnostic_run.json
?? maintenance/repair-20260915-eps-residual/assertion_preservation_r2.json
?? maintenance/repair-20260915-eps-residual/assertion_preservation_r3.json
?? maintenance/repair-20260915-eps-residual/assertion_preservation_r4.json
?? maintenance/repair-20260915-eps-residual/assertion_preservation_r4b.json
?? maintenance/repair-20260915-eps-residual/blind_review_r1.md
?? maintenance/repair-20260915-eps-residual/blind_review_r2.md
?? maintenance/repair-20260915-eps-residual/blind_review_r3.md
?? maintenance/repair-20260915-eps-residual/capture_red.py
?? maintenance/repair-20260915-eps-residual/changelog_lint.log
?? maintenance/repair-20260915-eps-residual/changelog_lint_before_r2.log
?? maintenance/repair-20260915-eps-residual/changelog_lint_before_r3.log
?? maintenance/repair-20260915-eps-residual/changelog_lint_before_r4.log
?? maintenance/repair-20260915-eps-residual/changelog_lint_before_r4b.log
?? maintenance/repair-20260915-eps-residual/changelog_lint_followup.log
?? maintenance/repair-20260915-eps-residual/changelog_lint_r2.log
?? maintenance/repair-20260915-eps-residual/changelog_lint_r3.log
?? maintenance/repair-20260915-eps-residual/changelog_lint_r4.log
?? maintenance/repair-20260915-eps-residual/changelog_lint_r4b.log
?? maintenance/repair-20260915-eps-residual/check_results.json
?? maintenance/repair-20260915-eps-residual/check_results_r2.json
?? maintenance/repair-20260915-eps-residual/check_results_r3.json
?? maintenance/repair-20260915-eps-residual/check_results_r4.json
?? maintenance/repair-20260915-eps-residual/check_results_r4b.json
?? maintenance/repair-20260915-eps-residual/compare_apu.py
?? maintenance/repair-20260915-eps-residual/compare_pythia.py
?? maintenance/repair-20260915-eps-residual/docs_lint.log
?? maintenance/repair-20260915-eps-residual/docs_lint_final_r2.log
?? maintenance/repair-20260915-eps-residual/docs_lint_final_r3.log
?? maintenance/repair-20260915-eps-residual/docs_lint_final_r4.log
?? maintenance/repair-20260915-eps-residual/docs_lint_final_r4b.log
?? maintenance/repair-20260915-eps-residual/docs_lint_followup.log
?? maintenance/repair-20260915-eps-residual/docs_lint_r2.log
?? maintenance/repair-20260915-eps-residual/docs_lint_r3.log
?? maintenance/repair-20260915-eps-residual/docs_lint_r4.log
?? maintenance/repair-20260915-eps-residual/docs_lint_r4b.log
?? maintenance/repair-20260915-eps-residual/done.md
?? maintenance/repair-20260915-eps-residual/done_attempt1_partial.md
?? maintenance/repair-20260915-eps-residual/existing_evidence_r2.log
?? maintenance/repair-20260915-eps-residual/existing_evidence_r3.log
?? maintenance/repair-20260915-eps-residual/existing_evidence_r4.log
?? maintenance/repair-20260915-eps-residual/final_checks_r2.json
?? maintenance/repair-20260915-eps-residual/final_checks_r3.json
?? maintenance/repair-20260915-eps-residual/final_checks_r4.json
?? maintenance/repair-20260915-eps-residual/final_checks_r4b.json
?? maintenance/repair-20260915-eps-residual/final_scope_checks.json
?? maintenance/repair-20260915-eps-residual/finalize_apu.py
?? maintenance/repair-20260915-eps-residual/finalize_scope.py
?? maintenance/repair-20260915-eps-residual/fixtures_lint.log
?? maintenance/repair-20260915-eps-residual/fixtures_lint_followup.log
?? maintenance/repair-20260915-eps-residual/fixtures_lint_r2.log
?? maintenance/repair-20260915-eps-residual/fixtures_lint_r3.log
?? maintenance/repair-20260915-eps-residual/fixtures_lint_r4.log
?? maintenance/repair-20260915-eps-residual/fixtures_lint_r4b.log
?? maintenance/repair-20260915-eps-residual/followup_checks.json
?? maintenance/repair-20260915-eps-residual/followup_staging_checks.json
?? maintenance/repair-20260915-eps-residual/git_diff_check_final_r2.log
?? maintenance/repair-20260915-eps-residual/git_diff_check_final_r3.log
?? maintenance/repair-20260915-eps-residual/git_diff_check_final_r4.log
?? maintenance/repair-20260915-eps-residual/git_diff_check_final_r4b.log
?? maintenance/repair-20260915-eps-residual/git_diff_check_r2.log
?? maintenance/repair-20260915-eps-residual/git_diff_check_r3.log
?? maintenance/repair-20260915-eps-residual/git_diff_check_r4.log
?? maintenance/repair-20260915-eps-residual/git_diff_check_r4b.log
?? maintenance/repair-20260915-eps-residual/git_status_final_r2.log
?? maintenance/repair-20260915-eps-residual/git_status_r3.log
?? maintenance/repair-20260915-eps-residual/git_status_r4.log
?? maintenance/repair-20260915-eps-residual/invariant_scan.log
?? maintenance/repair-20260915-eps-residual/invariant_scan_r2.log
?? maintenance/repair-20260915-eps-residual/invariant_scan_r3.log
?? maintenance/repair-20260915-eps-residual/invariant_scan_r4.log
?? maintenance/repair-20260915-eps-residual/invariant_scan_r4b.log
?? maintenance/repair-20260915-eps-residual/label_migration_reproduction_r4.log
?? maintenance/repair-20260915-eps-residual/ledger_recheck_r2.json
?? maintenance/repair-20260915-eps-residual/ledger_recheck_r3.json
?? maintenance/repair-20260915-eps-residual/ledger_recheck_r4.json
?? maintenance/repair-20260915-eps-residual/plan_v2_approved.md
?? maintenance/repair-20260915-eps-residual/precheck_results_r2.json
?? maintenance/repair-20260915-eps-residual/pythia_diff.json
?? maintenance/repair-20260915-eps-residual/pythia_extra_input_checks.json
?? maintenance/repair-20260915-eps-residual/pythia_input_probe.json
?? maintenance/repair-20260915-eps-residual/pythia_regression.md
?? maintenance/repair-20260915-eps-residual/pythia_run_703.log
?? maintenance/repair-20260915-eps-residual/pythia_run_703.stderr.txt
?? maintenance/repair-20260915-eps-residual/pythia_run_703_result.json
?? maintenance/repair-20260915-eps-residual/pythia_run_704.log
?? maintenance/repair-20260915-eps-residual/pythia_run_704.stderr.txt
?? maintenance/repair-20260915-eps-residual/pythia_run_704_result.json
?? maintenance/repair-20260915-eps-residual/r1_fix_ruling.md
?? maintenance/repair-20260915-eps-residual/r1_reproduction_r2.log
?? maintenance/repair-20260915-eps-residual/r1_reproduction_r2.py
?? maintenance/repair-20260915-eps-residual/r2_fix_ruling.md
?? maintenance/repair-20260915-eps-residual/r3_fix_ruling.md
?? maintenance/repair-20260915-eps-residual/red_evidence.txt
?? maintenance/repair-20260915-eps-residual/red_setup_attempt.txt
?? maintenance/repair-20260915-eps-residual/reproduce_label_migration_r4.py
?? maintenance/repair-20260915-eps-residual/ruling_scope_review_r4b.json
?? maintenance/repair-20260915-eps-residual/run_all_eps.exit
?? maintenance/repair-20260915-eps-residual/run_all_eps.log
?? maintenance/repair-20260915-eps-residual/run_all_fable.log
?? maintenance/repair-20260915-eps-residual/run_all_fable_r2.log
?? maintenance/repair-20260915-eps-residual/run_all_fable_r3.log
?? maintenance/repair-20260915-eps-residual/run_all_fable_result.json
?? maintenance/repair-20260915-eps-residual/run_all_result.json
?? maintenance/repair-20260915-eps-residual/run_apu.py
?? maintenance/repair-20260915-eps-residual/run_checks.py
?? maintenance/repair-20260915-eps-residual/run_checks_r2.log
?? maintenance/repair-20260915-eps-residual/run_checks_r2.py
?? maintenance/repair-20260915-eps-residual/run_checks_r3.log
?? maintenance/repair-20260915-eps-residual/run_checks_r3.py
?? maintenance/repair-20260915-eps-residual/run_checks_r4.log
?? maintenance/repair-20260915-eps-residual/run_checks_r4.py
?? maintenance/repair-20260915-eps-residual/run_checks_r4b.log
?? maintenance/repair-20260915-eps-residual/run_checks_r4b.py
?? maintenance/repair-20260915-eps-residual/run_followup.py
?? maintenance/repair-20260915-eps-residual/scope_after_r2.json
?? maintenance/repair-20260915-eps-residual/scope_after_r3.json
?? maintenance/repair-20260915-eps-residual/scope_after_r4.json
?? maintenance/repair-20260915-eps-residual/scope_after_r4b.json
?? maintenance/repair-20260915-eps-residual/scope_before_r2.json
?? maintenance/repair-20260915-eps-residual/scope_before_r3.json
?? maintenance/repair-20260915-eps-residual/scope_before_r4.json
?? maintenance/repair-20260915-eps-residual/scope_before_r4b.json
?? maintenance/repair-20260915-eps-residual/scope_checks.json
?? maintenance/repair-20260915-eps-residual/scope_verification_r2.log
?? maintenance/repair-20260915-eps-residual/scope_verification_r3.log
?? maintenance/repair-20260915-eps-residual/scope_verification_r4.log
?? maintenance/repair-20260915-eps-residual/scope_verification_r4b.log
?? maintenance/repair-20260915-eps-residual/staging_recheck.log
?? maintenance/repair-20260915-eps-residual/t4_counterexamples_probe_r4.log
?? maintenance/repair-20260915-eps-residual/t4_counterexamples_r4.json
?? maintenance/repair-20260915-eps-residual/t4_counterexamples_r4b.json
?? maintenance/repair-20260915-eps-residual/t4_stress_probe_r3.log
?? maintenance/repair-20260915-eps-residual/t4_stress_probe_r4.log
?? maintenance/repair-20260915-eps-residual/t4_stress_summary_r3.json
?? maintenance/repair-20260915-eps-residual/t4_stress_summary_r4.json
?? maintenance/repair-20260915-eps-residual/t4_stress_summary_r4b.json
?? maintenance/repair-20260915-eps-residual/t7_ruling.md
?? maintenance/repair-20260915-eps-residual/test_change_r3.patch
?? maintenance/repair-20260915-eps-residual/test_change_r4.patch
?? maintenance/repair-20260915-eps-residual/test_change_r4b.patch
?? maintenance/repair-20260915-eps-residual/test_entity_source_trace.log
?? maintenance/repair-20260915-eps-residual/test_entity_source_trace_before_r2.txt
?? maintenance/repair-20260915-eps-residual/test_entity_source_trace_before_r3.txt
?? maintenance/repair-20260915-eps-residual/test_entity_source_trace_before_r4.txt
?? maintenance/repair-20260915-eps-residual/test_entity_source_trace_before_r4b.txt
?? maintenance/repair-20260915-eps-residual/test_entity_source_trace_r2.log
?? maintenance/repair-20260915-eps-residual/test_entity_source_trace_r3.log
?? maintenance/repair-20260915-eps-residual/test_entity_source_trace_r4.log
?? maintenance/repair-20260915-eps-residual/test_entity_source_trace_r4b.log
?? maintenance/repair-20260915-eps-residual/test_version_consistency.log
?? maintenance/repair-20260915-eps-residual/test_version_consistency_r2.log
?? maintenance/repair-20260915-eps-residual/test_version_consistency_r3.log
?? maintenance/repair-20260915-eps-residual/test_version_consistency_r4.log
?? maintenance/repair-20260915-eps-residual/test_version_consistency_r4b.log
?? maintenance/repair-20260915-eps-residual/verify_existing_evidence_r2.py
?? maintenance/repair-20260915-eps-residual/verify_existing_evidence_r3.py
?? maintenance/repair-20260915-eps-residual/verify_existing_evidence_r4.py
?? maintenance/repair-20260915-eps-residual/verify_scope_r2.py
?? maintenance/repair-20260915-eps-residual/verify_scope_r3.py
?? maintenance/repair-20260915-eps-residual/verify_scope_r4.py
?? maintenance/repair-20260915-eps-residual/verify_scope_r4b.py
?? maintenance/repair-20260915-eps-residual/write_done.py
