PASS
only_five_allowed_files_changed: PASS
no_unexpected_additions: PASS
no_files_removed: PASS
head_unchanged: PASS
branch_unchanged: PASS
index_unchanged: PASS
version_unchanged: PASS
production_hash_matches: PASS
ruling_unchanged: PASS
only_comparator_function_changed: PASS
all_check_expressions_preserved: PASS
seven_checks_and_final_rechecks_pass_with_log_hashes: PASS
tested_source_hashes_match_final: PASS
baseline_files=1180 changed_existing_files=5 new_r5_artifacts=23
production_sha256=e85acee4e9a98a664d9b4881ca33177003aa9455261109a01e111e6faeda3cd1
HEAD=2000b6e78f790ee0ed348cc2ecb8eae796d5136e
changed_existing_files:
CHANGELOG.md
maintenance/repair-20260915-eps-residual/done.md
maintenance/repair-20260915-eps-residual/pythia_regression.md
references/scan-schemas.md
scripts/tests/test_entity_source_trace.py
