apu/data/stage2/provenance_labels_v3.json: OK
apu/data/stage2/s2_entity_members.json: OK
apu/data/v2/capture_identity.json: OK
apu/data/v2/run_19368487/blocks.parquet: OK
apu/data/v2/run_19368487/done.json: OK
apu/data/v2/run_19368487/logs.parquet: OK
apu/data/v2/run_19618487/blocks.parquet: OK
apu/data/v2/run_19618487/done.json: OK
apu/data/v2/run_19618487/logs.parquet: OK
apu/data/v2/run_20368487/blocks.parquet: OK
apu/data/v2/run_20368487/done.json: OK
apu/data/v2/run_20368487/logs.parquet: OK
apu/data/v2/run_21368487/blocks.parquet: OK
apu/data/v2/run_21368487/done.json: OK
apu/data/v2/run_21368487/logs.parquet: OK
apu/data/v2/run_22368487/blocks.parquet: OK
apu/data/v2/run_22368487/done.json: OK
apu/data/v2/run_22368487/logs.parquet: OK
apu/data/v2/run_23368487/blocks.parquet: OK
apu/data/v2/run_23368487/done.json: OK
apu/data/v2/run_23368487/logs.parquet: OK
apu/data/v2/run_24368487/blocks.parquet: OK
apu/data/v2/run_24368487/done.json: OK
apu/data/v2/run_24368487/logs.parquet: OK
apu/data/v2/run_25368487/blocks.parquet: OK
apu/data/v2/run_25368487/done.json: OK
apu/data/v2/run_25368487/logs.parquet: OK
apu/data_map.json: OK
apu/entity_freeze.json: OK
apu/flip_adjudications.json: OK
apu/handoff_manifest.json: OK
apu/provenance_ledger.json: OK
pythia/s2_work.duckdb: OK
